// Jest Snapshot v1, https://goo.gl/fbAQLP

exports[`loading page should render correctly 1`] = `ShallowWrapper {}`;
